
> kns-platform@0.1.0 build
> next build

??Next.js 16.2.1 (Turbopack)
- Environments: .env.local

  Creating an optimized production build ...
node.exe : 
위치 줄:1 문자:1
+ & "C:\Program Files\nodejs/node.exe" 
"C:\Program Files\nodejs/node_mo ...
+ ~~~~~~~~~~~~~~~~~~~~~~~~~~~~~~~~~~~~~
~~~~~~~~~~~~~~~~~~~~~~~~~~~~~~~~
    + CategoryInfo          : NotSpec  
  ified: (:String) [], RemoteExcept    
ion
    + FullyQualifiedErrorId : NativeC  
  ommandError
 
> Build error occurred
Error: Turbopack build failed with 1 er
rors:
./app/page.tsx:46:127
Unexpected token. Did you mean `{'>'}` 
or `&gt;`?
  [90m44 |[0m ...
  [90m45 |[0m ...
[31m[1m>[0m [90m46 |[0m ...?됪???녿
뻻??野꺿뫗媛먪몴?筌띾슢諭????/div>
  [90m   |[0m                        
           [31m[1m^[0m
  [90m47 |[0m ...
  [90m48 |[0m ...
  [90m49 |[0m ...

Parsing ecmascript source code failed


    at <unknown> (./app/page.tsx:46:127
)
